graph: { title: "/home/kent/Source/School/RealTimeProject/Ada_Drivers_Library/arch/ARM/cortex_m/src/cm4f/cortex_m_svd-systick.ads"
node: { title: "cortex_m_svd__systick__syst_csr_registerIP" label: "Syst_Csr_Registerip\n/home/kent/Source/School/RealTimeProject/Ada_Drivers_Library/arch/ARM/cortex_m/src/cm4f/cortex_m_svd-systick.ads:55:9\n16 bytes (static)" }
node: { title: "cortex_m_svd__systick__syst_rvr_registerIP" label: "Syst_Rvr_Registerip\n/home/kent/Source/School/RealTimeProject/Ada_Drivers_Library/arch/ARM/cortex_m/src/cm4f/cortex_m_svd-systick.ads:84:9\n16 bytes (static)" }
node: { title: "cortex_m_svd__systick__syst_cvr_registerIP" label: "Syst_Cvr_Registerip\n/home/kent/Source/School/RealTimeProject/Ada_Drivers_Library/arch/ARM/cortex_m/src/cm4f/cortex_m_svd-systick.ads:101:9\n16 bytes (static)" }
node: { title: "cortex_m_svd__systick__syst_calib_registerIP" label: "Syst_Calib_Registerip\n/home/kent/Source/School/RealTimeProject/Ada_Drivers_Library/arch/ARM/cortex_m/src/cm4f/cortex_m_svd-systick.ads:142:9\n16 bytes (static)" }
node: { title: "cortex_m_svd__systick__systick_peripheralIP" label: "Systick_Peripheralip\n/home/kent/Source/School/RealTimeProject/Ada_Drivers_Library/arch/ARM/cortex_m/src/cm4f/cortex_m_svd-systick.ads:167:9\n16 bytes (static)" }
edge: { sourcename: "cortex_m_svd__systick__systick_peripheralIP" targetname: "cortex_m_svd__systick__syst_csr_registerIP" label: "/home/kent/Source/School/RealTimeProject/Ada_Drivers_Library/arch/ARM/cortex_m/src/cm4f/cortex_m_svd-systick.ads:169:7" }
edge: { sourcename: "cortex_m_svd__systick__systick_peripheralIP" targetname: "cortex_m_svd__systick__syst_rvr_registerIP" label: "/home/kent/Source/School/RealTimeProject/Ada_Drivers_Library/arch/ARM/cortex_m/src/cm4f/cortex_m_svd-systick.ads:171:7" }
edge: { sourcename: "cortex_m_svd__systick__systick_peripheralIP" targetname: "cortex_m_svd__systick__syst_cvr_registerIP" label: "/home/kent/Source/School/RealTimeProject/Ada_Drivers_Library/arch/ARM/cortex_m/src/cm4f/cortex_m_svd-systick.ads:173:7" }
}
