graph: { title: "/home/kent/Source/School/RealTimeProject/Ada_Drivers_Library/components/src/io_expander/ht16k33/ht16k33.adb"
class {
  classname: "ht16k33__ht16k33_device"
  label: "ht16k33__ht16k33_device\ht16k33.ads:37:9"
  parent: "ht16k33__ht16k33_device"
  virtuals: "1:ht16k33__enable\n
             2:ht16k33__disable\n
             3:ht16k33__set_brightness\n
             4:ht16k33__set_blink\n
             5:ht16k33__set_led\n
             6:ht16k33__set_row\n
             7:ht16k33__get_key\n
             8:ht16k33__update_leds\n
             9:ht16k33__update_keys\n
             -1:ht16k33___size\n
             -6:ht16k33__Oeq\n
             -7:ht16k33___assign"
}
edge: { sourcename: "ht16k33__i2c_read"
  targetname: "4:hal__i2c__i2c_port,hal__i2c__i2c_port"
  label: "ht16k33.adb:75:16"
}
edge: { sourcename: "ht16k33__i2c_write"
  targetname: "3:hal__i2c__i2c_port,hal__i2c__i2c_port"
  label: "ht16k33.adb:96:16"
}
edge: { sourcename: "ht16k33__i2c_command"
  targetname: "1:hal__i2c__i2c_port,hal__i2c__i2c_port"
  label: "ht16k33.adb:117:16"
}
node: { title: "ht16k33__ht16k33_deviceIP" label: "HT16K33_DEVICEIP\n/home/kent/Source/School/RealTimeProject/Ada_Drivers_Library/components/src/io_expander/ht16k33/ht16k33.ads:92:9\n24 bytes (static)" }
node: { title: "ht16k33___size" label: "HT16K33\n/home/kent/Source/School/RealTimeProject/Ada_Drivers_Library/components/src/io_expander/ht16k33/ht16k33.ads:92:9\n16 bytes (static)" }
node: { title: "ht16k33__Oeq" label: "=\n/home/kent/Source/School/RealTimeProject/Ada_Drivers_Library/components/src/io_expander/ht16k33/ht16k33.ads:92:4\n16 bytes (static)" }
node: { title: "memcmp" label: "builtin_memcmp\n<built-in>" shape : ellipse }
edge: { sourcename: "ht16k33__Oeq" targetname: "memcmp" label: "/home/kent/Source/School/RealTimeProject/Ada_Drivers_Library/components/src/io_expander/ht16k33/ht16k33.ads:92:9" }
edge: { sourcename: "ht16k33__Oeq" targetname: "memcmp" label: "/home/kent/Source/School/RealTimeProject/Ada_Drivers_Library/components/src/io_expander/ht16k33/ht16k33.ads:92:9" }
node: { title: "ht16k33___assign" label: "HT16K33\n/home/kent/Source/School/RealTimeProject/Ada_Drivers_Library/components/src/io_expander/ht16k33/ht16k33.ads:92:9\n32 bytes (static)" }
node: { title: "__gnat_last_chance_handler" label: "gnat_last_chance_handler\n<built-in>" shape : ellipse }
edge: { sourcename: "ht16k33___assign" targetname: "__gnat_last_chance_handler" label: "/home/kent/Source/School/RealTimeProject/Ada_Drivers_Library/components/src/io_expander/ht16k33/ht16k33.ads:92:9" }
node: { title: "/home/kent/Source/School/RealTimeProject/Ada_Drivers_Library/components/src/io_expander/ht16k33/ht16k33.adb:ht16k33__i2c_addr" label: "I2C_ADDR\n/home/kent/Source/School/RealTimeProject/Ada_Drivers_Library/components/src/io_expander/ht16k33/ht16k33.adb:61:4\n16 bytes (static)" }
node: { title: "/home/kent/Source/School/RealTimeProject/Ada_Drivers_Library/components/src/io_expander/ht16k33/ht16k33.adb:ht16k33__i2c_read" label: "I2C_READ\n/home/kent/Source/School/RealTimeProject/Ada_Drivers_Library/components/src/io_expander/ht16k33/ht16k33.adb:68:4\n64 bytes (static)" }
edge: { sourcename: "/home/kent/Source/School/RealTimeProject/Ada_Drivers_Library/components/src/io_expander/ht16k33/ht16k33.adb:ht16k33__i2c_read" targetname: "/home/kent/Source/School/RealTimeProject/Ada_Drivers_Library/components/src/io_expander/ht16k33/ht16k33.adb:ht16k33__i2c_addr" label: "/home/kent/Source/School/RealTimeProject/Ada_Drivers_Library/components/src/io_expander/ht16k33/ht16k33.adb:76:10" }
node: { title: "__indirect_call" label: "Indirect Call Placeholder" shape : ellipse }
edge: { sourcename: "/home/kent/Source/School/RealTimeProject/Ada_Drivers_Library/components/src/io_expander/ht16k33/ht16k33.adb:ht16k33__i2c_read" targetname: "__indirect_call" label: "/home/kent/Source/School/RealTimeProject/Ada_Drivers_Library/components/src/io_expander/ht16k33/ht16k33.adb:75:16" }
node: { title: "/home/kent/Source/School/RealTimeProject/Ada_Drivers_Library/components/src/io_expander/ht16k33/ht16k33.adb:ht16k33__i2c_write" label: "I2C_WRITE\n/home/kent/Source/School/RealTimeProject/Ada_Drivers_Library/components/src/io_expander/ht16k33/ht16k33.adb:89:4\n64 bytes (static)" }
edge: { sourcename: "/home/kent/Source/School/RealTimeProject/Ada_Drivers_Library/components/src/io_expander/ht16k33/ht16k33.adb:ht16k33__i2c_write" targetname: "/home/kent/Source/School/RealTimeProject/Ada_Drivers_Library/components/src/io_expander/ht16k33/ht16k33.adb:ht16k33__i2c_addr" label: "/home/kent/Source/School/RealTimeProject/Ada_Drivers_Library/components/src/io_expander/ht16k33/ht16k33.adb:97:10" }
edge: { sourcename: "/home/kent/Source/School/RealTimeProject/Ada_Drivers_Library/components/src/io_expander/ht16k33/ht16k33.adb:ht16k33__i2c_write" targetname: "__indirect_call" label: "/home/kent/Source/School/RealTimeProject/Ada_Drivers_Library/components/src/io_expander/ht16k33/ht16k33.adb:96:16" }
node: { title: "/home/kent/Source/School/RealTimeProject/Ada_Drivers_Library/components/src/io_expander/ht16k33/ht16k33.adb:ht16k33__i2c_command" label: "I2C_COMMAND\n/home/kent/Source/School/RealTimeProject/Ada_Drivers_Library/components/src/io_expander/ht16k33/ht16k33.adb:110:4\n56 bytes (static)" }
edge: { sourcename: "/home/kent/Source/School/RealTimeProject/Ada_Drivers_Library/components/src/io_expander/ht16k33/ht16k33.adb:ht16k33__i2c_command" targetname: "/home/kent/Source/School/RealTimeProject/Ada_Drivers_Library/components/src/io_expander/ht16k33/ht16k33.adb:ht16k33__i2c_addr" label: "/home/kent/Source/School/RealTimeProject/Ada_Drivers_Library/components/src/io_expander/ht16k33/ht16k33.adb:118:10" }
edge: { sourcename: "/home/kent/Source/School/RealTimeProject/Ada_Drivers_Library/components/src/io_expander/ht16k33/ht16k33.adb:ht16k33__i2c_command" targetname: "__indirect_call" label: "/home/kent/Source/School/RealTimeProject/Ada_Drivers_Library/components/src/io_expander/ht16k33/ht16k33.adb:117:16" }
node: { title: "/home/kent/Source/School/RealTimeProject/Ada_Drivers_Library/components/src/io_expander/ht16k33/ht16k33.adb:ht16k33__update_setup_reg" label: "UPDATE_SETUP_REG\n/home/kent/Source/School/RealTimeProject/Ada_Drivers_Library/components/src/io_expander/ht16k33/ht16k33.adb:129:4\n24 bytes (static)" }
edge: { sourcename: "/home/kent/Source/School/RealTimeProject/Ada_Drivers_Library/components/src/io_expander/ht16k33/ht16k33.adb:ht16k33__update_setup_reg" targetname: "/home/kent/Source/School/RealTimeProject/Ada_Drivers_Library/components/src/io_expander/ht16k33/ht16k33.adb:ht16k33__i2c_command" label: "/home/kent/Source/School/RealTimeProject/Ada_Drivers_Library/components/src/io_expander/ht16k33/ht16k33.adb:135:7" }
edge: { sourcename: "/home/kent/Source/School/RealTimeProject/Ada_Drivers_Library/components/src/io_expander/ht16k33/ht16k33.adb:ht16k33__update_setup_reg" targetname: "__gnat_last_chance_handler" label: "/home/kent/Source/School/RealTimeProject/Ada_Drivers_Library/components/src/io_expander/ht16k33/ht16k33.adb:138:10" }
node: { title: "ht16k33__enable" label: "ENABLE\n/home/kent/Source/School/RealTimeProject/Ada_Drivers_Library/components/src/io_expander/ht16k33/ht16k33.adb:146:4\n16 bytes (static)" }
edge: { sourcename: "ht16k33__enable" targetname: "/home/kent/Source/School/RealTimeProject/Ada_Drivers_Library/components/src/io_expander/ht16k33/ht16k33.adb:ht16k33__update_setup_reg" label: "/home/kent/Source/School/RealTimeProject/Ada_Drivers_Library/components/src/io_expander/ht16k33/ht16k33.adb:149:7" }
node: { title: "ht16k33__disable" label: "DISABLE\n/home/kent/Source/School/RealTimeProject/Ada_Drivers_Library/components/src/io_expander/ht16k33/ht16k33.adb:156:4\n16 bytes (static)" }
edge: { sourcename: "ht16k33__disable" targetname: "/home/kent/Source/School/RealTimeProject/Ada_Drivers_Library/components/src/io_expander/ht16k33/ht16k33.adb:ht16k33__update_setup_reg" label: "/home/kent/Source/School/RealTimeProject/Ada_Drivers_Library/components/src/io_expander/ht16k33/ht16k33.adb:159:7" }
node: { title: "ht16k33__set_brightness" label: "SET_BRIGHTNESS\n/home/kent/Source/School/RealTimeProject/Ada_Drivers_Library/components/src/io_expander/ht16k33/ht16k33.adb:166:4\n24 bytes (static)" }
edge: { sourcename: "ht16k33__set_brightness" targetname: "/home/kent/Source/School/RealTimeProject/Ada_Drivers_Library/components/src/io_expander/ht16k33/ht16k33.adb:ht16k33__i2c_command" label: "/home/kent/Source/School/RealTimeProject/Ada_Drivers_Library/components/src/io_expander/ht16k33/ht16k33.adb:172:7" }
edge: { sourcename: "ht16k33__set_brightness" targetname: "__gnat_last_chance_handler" label: "/home/kent/Source/School/RealTimeProject/Ada_Drivers_Library/components/src/io_expander/ht16k33/ht16k33.adb:175:10" }
node: { title: "ht16k33__set_blink" label: "SET_BLINK\n/home/kent/Source/School/RealTimeProject/Ada_Drivers_Library/components/src/io_expander/ht16k33/ht16k33.adb:184:4\n16 bytes (static)" }
edge: { sourcename: "ht16k33__set_blink" targetname: "/home/kent/Source/School/RealTimeProject/Ada_Drivers_Library/components/src/io_expander/ht16k33/ht16k33.adb:ht16k33__update_setup_reg" label: "/home/kent/Source/School/RealTimeProject/Ada_Drivers_Library/components/src/io_expander/ht16k33/ht16k33.adb:189:7" }
node: { title: "ht16k33__set_led" label: "SET_LED\n/home/kent/Source/School/RealTimeProject/Ada_Drivers_Library/components/src/io_expander/ht16k33/ht16k33.adb:196:4\n16 bytes (static)" }
node: { title: "ht16k33__set_row" label: "SET_ROW\n/home/kent/Source/School/RealTimeProject/Ada_Drivers_Library/components/src/io_expander/ht16k33/ht16k33.adb:216:4\n16 bytes (static)" }
node: { title: "ht16k33__get_key" label: "GET_KEY\n/home/kent/Source/School/RealTimeProject/Ada_Drivers_Library/components/src/io_expander/ht16k33/ht16k33.adb:228:4\n24 bytes (static)" }
node: { title: "ht16k33__update_leds" label: "UPDATE_LEDS\n/home/kent/Source/School/RealTimeProject/Ada_Drivers_Library/components/src/io_expander/ht16k33/ht16k33.adb:241:4\n24 bytes (static)" }
edge: { sourcename: "ht16k33__update_leds" targetname: "/home/kent/Source/School/RealTimeProject/Ada_Drivers_Library/components/src/io_expander/ht16k33/ht16k33.adb:ht16k33__i2c_write" label: "/home/kent/Source/School/RealTimeProject/Ada_Drivers_Library/components/src/io_expander/ht16k33/ht16k33.adb:244:7" }
edge: { sourcename: "ht16k33__update_leds" targetname: "__gnat_last_chance_handler" label: "/home/kent/Source/School/RealTimeProject/Ada_Drivers_Library/components/src/io_expander/ht16k33/ht16k33.adb:247:10" }
node: { title: "ht16k33__update_keys" label: "UPDATE_KEYS\n/home/kent/Source/School/RealTimeProject/Ada_Drivers_Library/components/src/io_expander/ht16k33/ht16k33.adb:255:4\n24 bytes (static)" }
edge: { sourcename: "ht16k33__update_keys" targetname: "/home/kent/Source/School/RealTimeProject/Ada_Drivers_Library/components/src/io_expander/ht16k33/ht16k33.adb:ht16k33__i2c_read" label: "/home/kent/Source/School/RealTimeProject/Ada_Drivers_Library/components/src/io_expander/ht16k33/ht16k33.adb:258:7" }
edge: { sourcename: "ht16k33__update_keys" targetname: "__gnat_last_chance_handler" label: "/home/kent/Source/School/RealTimeProject/Ada_Drivers_Library/components/src/io_expander/ht16k33/ht16k33.adb:264:10" }
}
