graph: { title: "/home/kent/Source/School/RealTimeProject/Ada_Drivers_Library/arch/ARM/Nordic/drivers/nrf_common/nrf-gpio.adb"
class {
  classname: "nrf__gpio__gpio_point"
  label: "nrf__gpio__gpio_point\nrf-gpio.ads:66:9"
  parent: "hal__gpio__gpio_point"
  virtuals: "1:nrf__gpio__support,1:hal__gpio__gpio_point\n
             2:nrf__gpio__mode,2:hal__gpio__gpio_point\n
             3:nrf__gpio__set_mode,3:hal__gpio__gpio_point\n
             4:nrf__gpio__pull_resistor,4:hal__gpio__gpio_point\n
             5:nrf__gpio__set_pull_resistor,5:hal__gpio__gpio_point\n
             6:nrf__gpio__set,6:hal__gpio__gpio_point\n
             7:nrf__gpio__set__2,7:hal__gpio__gpio_point\n
             8:nrf__gpio__clear,8:hal__gpio__gpio_point\n
             9:nrf__gpio__toggle,9:hal__gpio__gpio_point\n
             -1:nrf__gpio___size,-1:hal__gpio__gpio_point\n
             10:nrf__gpio__configure_io\n
             -6:nrf__gpio__Oeq\n
             -7:nrf__gpio___assign"
}
node: { title: "nrf__gpio__gpio_configurationIP" label: "Gpio_Configurationip\n/home/kent/Source/School/RealTimeProject/Ada_Drivers_Library/arch/ARM/Nordic/drivers/nrf_common/nrf-gpio.ads:58:9\n16 bytes (static)" }
node: { title: "nrf__gpio__gpio_pointIP" label: "Gpio_Pointip\n/home/kent/Source/School/RealTimeProject/Ada_Drivers_Library/arch/ARM/Nordic/drivers/nrf_common/nrf-gpio.ads:66:9\n16 bytes (static)" }
node: { title: "nrf__gpio___size" label: "Gpio\n/home/kent/Source/School/RealTimeProject/Ada_Drivers_Library/arch/ARM/Nordic/drivers/nrf_common/nrf-gpio.ads:66:9\n16 bytes (static)" }
node: { title: "nrf__gpio__Oeq" label: "=\n/home/kent/Source/School/RealTimeProject/Ada_Drivers_Library/arch/ARM/Nordic/drivers/nrf_common/nrf-gpio.ads:66:4\n16 bytes (static)" }
node: { title: "nrf__gpio___assign" label: "Gpio\n/home/kent/Source/School/RealTimeProject/Ada_Drivers_Library/arch/ARM/Nordic/drivers/nrf_common/nrf-gpio.ads:66:9\n16 bytes (static)" }
node: { title: "nrf__gpio__support" label: "Support\n/home/kent/Source/School/RealTimeProject/Ada_Drivers_Library/arch/ARM/Nordic/drivers/nrf_common/nrf-gpio.ads:71:4\n16 bytes (static)" }
node: { title: "__gnat_last_chance_handler" label: "gnat_last_chance_handler\n<built-in>" shape : ellipse }
edge: { sourcename: "nrf__gpio__support" targetname: "__gnat_last_chance_handler" label: "/home/kent/Source/School/RealTimeProject/Ada_Drivers_Library/arch/ARM/Nordic/drivers/nrf_common/nrf-gpio.ads:74:13" }
node: { title: "nrf__gpio__mode" label: "Mode\n/home/kent/Source/School/RealTimeProject/Ada_Drivers_Library/arch/ARM/Nordic/drivers/nrf_common/nrf-gpio.adb:37:4\n24 bytes (static)" }
edge: { sourcename: "nrf__gpio__mode" targetname: "__gnat_last_chance_handler" label: "/home/kent/Source/School/RealTimeProject/Ada_Drivers_Library/arch/ARM/Nordic/drivers/nrf_common/nrf-gpio.adb:40:15" }
node: { title: "nrf__gpio__set_mode" label: "Set_Mode\n/home/kent/Source/School/RealTimeProject/Ada_Drivers_Library/arch/ARM/Nordic/drivers/nrf_common/nrf-gpio.adb:51:4\n32 bytes (static)" }
edge: { sourcename: "nrf__gpio__set_mode" targetname: "nrf__gpio__support" label: "/home/kent/Source/School/RealTimeProject/Ada_Drivers_Library/hal/src/hal-gpio.ads:63:28" }
node: { title: "system__assertions__raise_assert_failure" label: "Raise_Assert_Failure\n/home/kent/opt/GNAT/2020-arm-elf/arm-eabi/lib/gnat/zfp-cortex-m4f/gnat/s-assert.ads:46:14" shape : ellipse }
edge: { sourcename: "nrf__gpio__set_mode" targetname: "system__assertions__raise_assert_failure" label: "/home/kent/Source/School/RealTimeProject/Ada_Drivers_Library/hal/src/hal-gpio.ads:63:24" }
edge: { sourcename: "nrf__gpio__set_mode" targetname: "__gnat_last_chance_handler" label: "/home/kent/Source/School/RealTimeProject/Ada_Drivers_Library/arch/ARM/Nordic/drivers/nrf_common/nrf-gpio.adb:56:24" }
edge: { sourcename: "nrf__gpio__set_mode" targetname: "__gnat_last_chance_handler" label: "/home/kent/Source/School/RealTimeProject/Ada_Drivers_Library/arch/ARM/Nordic/drivers/nrf_common/nrf-gpio.adb:59:26" }
node: { title: "nrf__gpio__set" label: "Set\n/home/kent/Source/School/RealTimeProject/Ada_Drivers_Library/arch/ARM/Nordic/drivers/nrf_common/nrf-gpio.adb:69:4\n16 bytes (static)" }
node: { title: "nrf__gpio__pull_resistor" label: "Pull_Resistor\n/home/kent/Source/School/RealTimeProject/Ada_Drivers_Library/arch/ARM/Nordic/drivers/nrf_common/nrf-gpio.adb:82:4\n24 bytes (static)" }
node: { title: "nrf_svd__gpio__pin_cnf_pull_fieldRP" label: "PIN_CNF_PULL_FIELDRP\n/home/kent/Source/School/RealTimeProject/Ada_Drivers_Library/arch/ARM/Nordic/svd/nrf52/nrf_svd-gpio.ads:438:9" shape : ellipse }
edge: { sourcename: "nrf__gpio__pull_resistor" targetname: "nrf_svd__gpio__pin_cnf_pull_fieldRP" label: "/home/kent/Source/School/RealTimeProject/Ada_Drivers_Library/arch/ARM/Nordic/drivers/nrf_common/nrf-gpio.adb:86:42" }
edge: { sourcename: "nrf__gpio__pull_resistor" targetname: "__gnat_last_chance_handler" label: "/home/kent/Source/School/RealTimeProject/Ada_Drivers_Library/arch/ARM/Nordic/drivers/nrf_common/nrf-gpio.adb:86:42" }
node: { title: "nrf__gpio__set_pull_resistor" label: "Set_Pull_Resistor\n/home/kent/Source/School/RealTimeProject/Ada_Drivers_Library/arch/ARM/Nordic/drivers/nrf_common/nrf-gpio.adb:98:4\n24 bytes (static)" }
edge: { sourcename: "nrf__gpio__set_pull_resistor" targetname: "nrf__gpio__support" label: "/home/kent/Source/School/RealTimeProject/Ada_Drivers_Library/hal/src/hal-gpio.ads:73:28" }
edge: { sourcename: "nrf__gpio__set_pull_resistor" targetname: "system__assertions__raise_assert_failure" label: "/home/kent/Source/School/RealTimeProject/Ada_Drivers_Library/hal/src/hal-gpio.ads:73:24" }
edge: { sourcename: "nrf__gpio__set_pull_resistor" targetname: "__gnat_last_chance_handler" label: "/home/kent/Source/School/RealTimeProject/Ada_Drivers_Library/arch/ARM/Nordic/drivers/nrf_common/nrf-gpio.adb:102:32" }
edge: { sourcename: "nrf__gpio__set_pull_resistor" targetname: "__gnat_last_chance_handler" label: "/home/kent/Source/School/RealTimeProject/Ada_Drivers_Library/arch/ARM/Nordic/drivers/nrf_common/nrf-gpio.adb:103:15" }
node: { title: "nrf__gpio__set__2" label: "Set\n/home/kent/Source/School/RealTimeProject/Ada_Drivers_Library/arch/ARM/Nordic/drivers/nrf_common/nrf-gpio.adb:113:15\n24 bytes (static)" }
edge: { sourcename: "nrf__gpio__set__2" targetname: "__gnat_last_chance_handler" label: "/home/kent/Source/School/RealTimeProject/Ada_Drivers_Library/arch/ARM/Nordic/drivers/nrf_common/nrf-gpio.adb:117:34" }
node: { title: "nrf__gpio__clear" label: "Clear\n/home/kent/Source/School/RealTimeProject/Ada_Drivers_Library/arch/ARM/Nordic/drivers/nrf_common/nrf-gpio.adb:124:15\n24 bytes (static)" }
edge: { sourcename: "nrf__gpio__clear" targetname: "__gnat_last_chance_handler" label: "/home/kent/Source/School/RealTimeProject/Ada_Drivers_Library/arch/ARM/Nordic/drivers/nrf_common/nrf-gpio.adb:128:34" }
node: { title: "nrf__gpio__toggle" label: "Toggle\n/home/kent/Source/School/RealTimeProject/Ada_Drivers_Library/arch/ARM/Nordic/drivers/nrf_common/nrf-gpio.adb:135:15\n24 bytes (static)" }
edge: { sourcename: "nrf__gpio__toggle" targetname: "nrf__gpio__mode" label: "/home/kent/Source/School/RealTimeProject/Ada_Drivers_Library/hal/src/hal-gpio.ads:93:28" }
edge: { sourcename: "nrf__gpio__toggle" targetname: "system__assertions__raise_assert_failure" label: "/home/kent/Source/School/RealTimeProject/Ada_Drivers_Library/hal/src/hal-gpio.ads:93:24" }
edge: { sourcename: "nrf__gpio__toggle" targetname: "nrf__gpio__set" label: "/home/kent/Source/School/RealTimeProject/Ada_Drivers_Library/arch/ARM/Nordic/drivers/nrf_common/nrf-gpio.adb:139:14" }
edge: { sourcename: "nrf__gpio__toggle" targetname: "nrf__gpio__clear" label: "/home/kent/Source/School/RealTimeProject/Ada_Drivers_Library/arch/ARM/Nordic/drivers/nrf_common/nrf-gpio.adb:140:14" }
edge: { sourcename: "nrf__gpio__toggle" targetname: "nrf__gpio__set__2" label: "/home/kent/Source/School/RealTimeProject/Ada_Drivers_Library/arch/ARM/Nordic/drivers/nrf_common/nrf-gpio.adb:142:14" }
node: { title: "nrf__gpio__configure_io" label: "Configure_Io\n/home/kent/Source/School/RealTimeProject/Ada_Drivers_Library/arch/ARM/Nordic/drivers/nrf_common/nrf-gpio.adb:150:4\n24 bytes (static)" }
edge: { sourcename: "nrf__gpio__configure_io" targetname: "__gnat_last_chance_handler" label: "/home/kent/Source/School/RealTimeProject/Ada_Drivers_Library/arch/ARM/Nordic/drivers/nrf_common/nrf-gpio.adb:154:63" }
edge: { sourcename: "nrf__gpio__configure_io" targetname: "__gnat_last_chance_handler" label: "/home/kent/Source/School/RealTimeProject/Ada_Drivers_Library/arch/ARM/Nordic/drivers/nrf_common/nrf-gpio.adb:156:30" }
edge: { sourcename: "nrf__gpio__configure_io" targetname: "__gnat_last_chance_handler" label: "/home/kent/Source/School/RealTimeProject/Ada_Drivers_Library/arch/ARM/Nordic/drivers/nrf_common/nrf-gpio.adb:154:63" }
edge: { sourcename: "nrf__gpio__configure_io" targetname: "__gnat_last_chance_handler" label: "/home/kent/Source/School/RealTimeProject/Ada_Drivers_Library/arch/ARM/Nordic/drivers/nrf_common/nrf-gpio.adb:160:32" }
edge: { sourcename: "nrf__gpio__configure_io" targetname: "__gnat_last_chance_handler" label: "/home/kent/Source/School/RealTimeProject/Ada_Drivers_Library/arch/ARM/Nordic/drivers/nrf_common/nrf-gpio.adb:154:63" }
edge: { sourcename: "nrf__gpio__configure_io" targetname: "__gnat_last_chance_handler" label: "/home/kent/Source/School/RealTimeProject/Ada_Drivers_Library/arch/ARM/Nordic/drivers/nrf_common/nrf-gpio.adb:164:31" }
edge: { sourcename: "nrf__gpio__configure_io" targetname: "__gnat_last_chance_handler" label: "/home/kent/Source/School/RealTimeProject/Ada_Drivers_Library/arch/ARM/Nordic/drivers/nrf_common/nrf-gpio.adb:154:63" }
edge: { sourcename: "nrf__gpio__configure_io" targetname: "__gnat_last_chance_handler" label: "/home/kent/Source/School/RealTimeProject/Ada_Drivers_Library/arch/ARM/Nordic/drivers/nrf_common/nrf-gpio.adb:169:32" }
edge: { sourcename: "nrf__gpio__configure_io" targetname: "__gnat_last_chance_handler" label: "/home/kent/Source/School/RealTimeProject/Ada_Drivers_Library/arch/ARM/Nordic/drivers/nrf_common/nrf-gpio.adb:154:63" }
edge: { sourcename: "nrf__gpio__configure_io" targetname: "__gnat_last_chance_handler" label: "/home/kent/Source/School/RealTimeProject/Ada_Drivers_Library/arch/ARM/Nordic/drivers/nrf_common/nrf-gpio.adb:179:32" }
}
