graph: { title: "/home/kent/Source/School/RealTimeProject/Ada_Drivers_Library/arch/ARM/Nordic/drivers/nrf52/nrf-adc.adb"
node: { title: "/home/kent/Source/School/RealTimeProject/Ada_Drivers_Library/arch/ARM/Nordic/drivers/nrf52/nrf-adc.adb:nrf__adc__set_resolution" label: "Set_Resolution\n/home/kent/Source/School/RealTimeProject/Ada_Drivers_Library/arch/ARM/Nordic/drivers/nrf52/nrf-adc.adb:48:4\n16 bytes (static)" }
node: { title: "__gnat_last_chance_handler" label: "gnat_last_chance_handler\n<built-in>" shape : ellipse }
edge: { sourcename: "/home/kent/Source/School/RealTimeProject/Ada_Drivers_Library/arch/ARM/Nordic/drivers/nrf52/nrf-adc.adb:nrf__adc__set_resolution" targetname: "__gnat_last_chance_handler" label: "/home/kent/Source/School/RealTimeProject/Ada_Drivers_Library/arch/ARM/Nordic/drivers/nrf52/nrf-adc.adb:52:15" }
node: { title: "/home/kent/Source/School/RealTimeProject/Ada_Drivers_Library/arch/ARM/Nordic/drivers/nrf52/nrf-adc.adb:nrf__adc__set_reference" label: "Set_Reference\n/home/kent/Source/School/RealTimeProject/Ada_Drivers_Library/arch/ARM/Nordic/drivers/nrf52/nrf-adc.adb:62:4\n16 bytes (static)" }
edge: { sourcename: "/home/kent/Source/School/RealTimeProject/Ada_Drivers_Library/arch/ARM/Nordic/drivers/nrf52/nrf-adc.adb:nrf__adc__set_reference" targetname: "__gnat_last_chance_handler" label: "/home/kent/Source/School/RealTimeProject/Ada_Drivers_Library/arch/ARM/Nordic/drivers/nrf52/nrf-adc.adb:64:12" }
node: { title: "nrf__adc__do_pin_conversion" label: "Do_Pin_Conversion\n/home/kent/Source/School/RealTimeProject/Ada_Drivers_Library/arch/ARM/Nordic/drivers/nrf52/nrf-adc.adb:76:4\n32 bytes (static)" }
edge: { sourcename: "nrf__adc__do_pin_conversion" targetname: "/home/kent/Source/School/RealTimeProject/Ada_Drivers_Library/arch/ARM/Nordic/drivers/nrf52/nrf-adc.adb:nrf__adc__set_resolution" label: "/home/kent/Source/School/RealTimeProject/Ada_Drivers_Library/arch/ARM/Nordic/drivers/nrf52/nrf-adc.adb:84:7" }
edge: { sourcename: "nrf__adc__do_pin_conversion" targetname: "/home/kent/Source/School/RealTimeProject/Ada_Drivers_Library/arch/ARM/Nordic/drivers/nrf52/nrf-adc.adb:nrf__adc__set_reference" label: "/home/kent/Source/School/RealTimeProject/Ada_Drivers_Library/arch/ARM/Nordic/drivers/nrf52/nrf-adc.adb:85:7" }
edge: { sourcename: "nrf__adc__do_pin_conversion" targetname: "__gnat_last_chance_handler" label: "/home/kent/Source/School/RealTimeProject/Ada_Drivers_Library/arch/ARM/Nordic/drivers/nrf52/nrf-adc.adb:90:12" }
edge: { sourcename: "nrf__adc__do_pin_conversion" targetname: "__gnat_last_chance_handler" label: "/home/kent/Source/School/RealTimeProject/Ada_Drivers_Library/arch/ARM/Nordic/drivers/nrf52/nrf-adc.adb:109:12" }
node: { title: "nrf__tasks__trigger" label: "Trigger\n/home/kent/Source/School/RealTimeProject/Ada_Drivers_Library/arch/ARM/Nordic/drivers/nrf52/nrf-tasks.ads:54:14" shape : ellipse }
edge: { sourcename: "nrf__adc__do_pin_conversion" targetname: "nrf__tasks__trigger" label: "/home/kent/Source/School/RealTimeProject/Ada_Drivers_Library/arch/ARM/Nordic/drivers/nrf52/nrf-adc.adb:129:7" }
edge: { sourcename: "nrf__adc__do_pin_conversion" targetname: "/home/kent/Source/School/RealTimeProject/Ada_Drivers_Library/arch/ARM/Nordic/drivers/nrf52/nrf-adc.adb:nrf__adc__wait_for_result" label: "/home/kent/Source/School/RealTimeProject/Ada_Drivers_Library/arch/ARM/Nordic/drivers/nrf52/nrf-adc.adb:130:7" }
node: { title: "nrf__adc__do_vdd_conversion" label: "Do_Vdd_Conversion\n/home/kent/Source/School/RealTimeProject/Ada_Drivers_Library/arch/ARM/Nordic/drivers/nrf52/nrf-adc.adb:138:4\n24 bytes (static)" }
edge: { sourcename: "nrf__adc__do_vdd_conversion" targetname: "/home/kent/Source/School/RealTimeProject/Ada_Drivers_Library/arch/ARM/Nordic/drivers/nrf52/nrf-adc.adb:nrf__adc__set_resolution" label: "/home/kent/Source/School/RealTimeProject/Ada_Drivers_Library/arch/ARM/Nordic/drivers/nrf52/nrf-adc.adb:145:7" }
edge: { sourcename: "nrf__adc__do_vdd_conversion" targetname: "/home/kent/Source/School/RealTimeProject/Ada_Drivers_Library/arch/ARM/Nordic/drivers/nrf52/nrf-adc.adb:nrf__adc__set_reference" label: "/home/kent/Source/School/RealTimeProject/Ada_Drivers_Library/arch/ARM/Nordic/drivers/nrf52/nrf-adc.adb:146:7" }
edge: { sourcename: "nrf__adc__do_vdd_conversion" targetname: "__gnat_last_chance_handler" label: "/home/kent/Source/School/RealTimeProject/Ada_Drivers_Library/arch/ARM/Nordic/drivers/nrf52/nrf-adc.adb:152:12" }
edge: { sourcename: "nrf__adc__do_vdd_conversion" targetname: "nrf__tasks__trigger" label: "/home/kent/Source/School/RealTimeProject/Ada_Drivers_Library/arch/ARM/Nordic/drivers/nrf52/nrf-adc.adb:160:7" }
edge: { sourcename: "nrf__adc__do_vdd_conversion" targetname: "/home/kent/Source/School/RealTimeProject/Ada_Drivers_Library/arch/ARM/Nordic/drivers/nrf52/nrf-adc.adb:nrf__adc__wait_for_result" label: "/home/kent/Source/School/RealTimeProject/Ada_Drivers_Library/arch/ARM/Nordic/drivers/nrf52/nrf-adc.adb:161:7" }
node: { title: "nrf__adc__busy" label: "Busy\n/home/kent/Source/School/RealTimeProject/Ada_Drivers_Library/arch/ARM/Nordic/drivers/nrf52/nrf-adc.adb:169:4\n4 bytes (static)" }
node: { title: "/home/kent/Source/School/RealTimeProject/Ada_Drivers_Library/arch/ARM/Nordic/drivers/nrf52/nrf-adc.adb:nrf__adc__wait_for_result" label: "Wait_For_Result\n/home/kent/Source/School/RealTimeProject/Ada_Drivers_Library/arch/ARM/Nordic/drivers/nrf52/nrf-adc.adb:176:4\n8 bytes (static)" }
edge: { sourcename: "/home/kent/Source/School/RealTimeProject/Ada_Drivers_Library/arch/ARM/Nordic/drivers/nrf52/nrf-adc.adb:nrf__adc__wait_for_result" targetname: "nrf__adc__busy" label: "/home/kent/Source/School/RealTimeProject/Ada_Drivers_Library/arch/ARM/Nordic/drivers/nrf52/nrf-adc.adb:178:13" }
}
