graph: { title: "/home/kent/Source/School/RealTimeProject/Ada_Drivers_Library/arch/ARM/Nordic/drivers/nrf_common/nrf-rng.adb"
node: { title: "nrf__rng__enable_digital_error_correction" label: "Enable_Digital_Error_Correction\n/home/kent/Source/School/RealTimeProject/Ada_Drivers_Library/arch/ARM/Nordic/drivers/nrf_common/nrf-rng.adb:40:4\n4 bytes (static)" }
node: { title: "nrf__rng__disable_digital_error_correction" label: "Disable_Digital_Error_Correction\n/home/kent/Source/School/RealTimeProject/Ada_Drivers_Library/arch/ARM/Nordic/drivers/nrf_common/nrf-rng.adb:49:4\n4 bytes (static)" }
node: { title: "nrf__rng__read" label: "Read\n/home/kent/Source/School/RealTimeProject/Ada_Drivers_Library/arch/ARM/Nordic/drivers/nrf_common/nrf-rng.adb:58:4\n4 bytes (static)" }
}
