graph: { title: "/home/kent/Source/School/RealTimeProject/Ada_Drivers_Library/boards/NRF52_DK/src/nrf52_dk-ios.adb"
node: { title: "nrf52_dk__ios__supports" label: "SUPPORTS\n/home/kent/Source/School/RealTimeProject/Ada_Drivers_Library/boards/NRF52_DK/src/nrf52_dk-ios.ads:41:4\n16 bytes (static)" }
node: { title: "__gnat_last_chance_handler" label: "gnat_last_chance_handler\n<built-in>" shape : ellipse }
edge: { sourcename: "nrf52_dk__ios__supports" targetname: "__gnat_last_chance_handler" label: "/home/kent/Source/School/RealTimeProject/Ada_Drivers_Library/boards/NRF52_DK/src/nrf52_dk-ios.ads:42:12" }
edge: { sourcename: "nrf52_dk__ios__supports" targetname: "__gnat_last_chance_handler" label: "/home/kent/Source/School/RealTimeProject/Ada_Drivers_Library/boards/NRF52_DK/src/nrf52_dk-ios.ads:43:32" }
edge: { sourcename: "nrf52_dk__ios__supports" targetname: "__gnat_last_chance_handler" label: "/home/kent/Source/School/RealTimeProject/Ada_Drivers_Library/boards/NRF52_DK/src/nrf52_dk-ios.ads:46:32" }
node: { title: "nrf52_dk__ios__pwm_statusIP" label: "PWM_STATUSIP\n/home/kent/Source/School/RealTimeProject/Ada_Drivers_Library/boards/NRF52_DK/src/nrf52_dk-ios.adb:116:9\n16 bytes (static)" }
node: { title: "nrf52_dk__ios__TpwmsBIP" label: "TPWMSBIP\n/home/kent/Source/School/RealTimeProject/Ada_Drivers_Library/boards/NRF52_DK/src/nrf52_dk-ios.adb:123:4\n32 bytes (static)" }
edge: { sourcename: "nrf52_dk__ios__TpwmsBIP" targetname: "nrf52_dk__ios__pwm_statusIP" label: "/home/kent/Source/School/RealTimeProject/Ada_Drivers_Library/boards/NRF52_DK/src/nrf52_dk-ios.adb:123:4" }
node: { title: "/home/kent/Source/School/RealTimeProject/Ada_Drivers_Library/boards/NRF52_DK/src/nrf52_dk-ios.adb:nrf52_dk__ios__to_compare_value" label: "TO_COMPARE_VALUE\n/home/kent/Source/School/RealTimeProject/Ada_Drivers_Library/boards/NRF52_DK/src/nrf52_dk-ios.adb:143:4\n24 bytes (static)" }
edge: { sourcename: "/home/kent/Source/School/RealTimeProject/Ada_Drivers_Library/boards/NRF52_DK/src/nrf52_dk-ios.adb:nrf52_dk__ios__to_compare_value" targetname: "__gnat_last_chance_handler" label: "/home/kent/Source/School/RealTimeProject/Ada_Drivers_Library/boards/NRF52_DK/src/nrf52_dk-ios.adb:146:36" }
node: { title: "/home/kent/Source/School/RealTimeProject/Ada_Drivers_Library/boards/NRF52_DK/src/nrf52_dk-ios.adb:nrf52_dk__ios__allocate_pwm" label: "ALLOCATE_PWM\n/home/kent/Source/School/RealTimeProject/Ada_Drivers_Library/boards/NRF52_DK/src/nrf52_dk-ios.adb:162:4\n32 bytes (static)" }
edge: { sourcename: "/home/kent/Source/School/RealTimeProject/Ada_Drivers_Library/boards/NRF52_DK/src/nrf52_dk-ios.adb:nrf52_dk__ios__allocate_pwm" targetname: "/home/kent/Source/School/RealTimeProject/Ada_Drivers_Library/boards/NRF52_DK/src/nrf52_dk-ios.adb:nrf52_dk__ios__has_pwm" label: "/home/kent/Source/School/RealTimeProject/Ada_Drivers_Library/boards/NRF52_DK/src/nrf52_dk-ios.adb:129:22" }
node: { title: "system__assertions__raise_assert_failure" label: "Raise_Assert_Failure\n/home/kent/opt/GNAT/2020-arm-elf/arm-eabi/lib/gnat/zfp-cortex-m4f/gnat/s-assert.ads:46:14" shape : ellipse }
edge: { sourcename: "/home/kent/Source/School/RealTimeProject/Ada_Drivers_Library/boards/NRF52_DK/src/nrf52_dk-ios.adb:nrf52_dk__ios__allocate_pwm" targetname: "system__assertions__raise_assert_failure" label: "/home/kent/Source/School/RealTimeProject/Ada_Drivers_Library/boards/NRF52_DK/src/nrf52_dk-ios.adb:129:18" }
edge: { sourcename: "/home/kent/Source/School/RealTimeProject/Ada_Drivers_Library/boards/NRF52_DK/src/nrf52_dk-ios.adb:nrf52_dk__ios__allocate_pwm" targetname: "__gnat_last_chance_handler" label: "/home/kent/Source/School/RealTimeProject/Ada_Drivers_Library/boards/NRF52_DK/src/nrf52_dk-ios.adb:170:24" }
edge: { sourcename: "/home/kent/Source/School/RealTimeProject/Ada_Drivers_Library/boards/NRF52_DK/src/nrf52_dk-ios.adb:nrf52_dk__ios__allocate_pwm" targetname: "/home/kent/Source/School/RealTimeProject/Ada_Drivers_Library/boards/NRF52_DK/src/nrf52_dk-ios.adb:nrf52_dk__ios__configure_ppi" label: "/home/kent/Source/School/RealTimeProject/Ada_Drivers_Library/boards/NRF52_DK/src/nrf52_dk-ios.adb:172:13" }
node: { title: "/home/kent/Source/School/RealTimeProject/Ada_Drivers_Library/boards/NRF52_DK/src/nrf52_dk-ios.adb:nrf52_dk__ios__deallocate_pwm___postconditions.6176" label: "DEALLOCATE_PWM\n/home/kent/Source/School/RealTimeProject/Ada_Drivers_Library/boards/NRF52_DK/src/nrf52_dk-ios.adb:185:4\n24 bytes (static)" }
edge: { sourcename: "/home/kent/Source/School/RealTimeProject/Ada_Drivers_Library/boards/NRF52_DK/src/nrf52_dk-ios.adb:nrf52_dk__ios__deallocate_pwm___postconditions.6176" targetname: "/home/kent/Source/School/RealTimeProject/Ada_Drivers_Library/boards/NRF52_DK/src/nrf52_dk-ios.adb:nrf52_dk__ios__has_pwm" label: "/home/kent/Source/School/RealTimeProject/Ada_Drivers_Library/boards/NRF52_DK/src/nrf52_dk-ios.adb:132:23" }
edge: { sourcename: "/home/kent/Source/School/RealTimeProject/Ada_Drivers_Library/boards/NRF52_DK/src/nrf52_dk-ios.adb:nrf52_dk__ios__deallocate_pwm___postconditions.6176" targetname: "system__assertions__raise_assert_failure" label: "/home/kent/Source/School/RealTimeProject/Ada_Drivers_Library/boards/NRF52_DK/src/nrf52_dk-ios.adb:132:19" }
node: { title: "/home/kent/Source/School/RealTimeProject/Ada_Drivers_Library/boards/NRF52_DK/src/nrf52_dk-ios.adb:nrf52_dk__ios__deallocate_pwm" label: "DEALLOCATE_PWM\n/home/kent/Source/School/RealTimeProject/Ada_Drivers_Library/boards/NRF52_DK/src/nrf52_dk-ios.adb:185:4\n32 bytes (static)" }
edge: { sourcename: "/home/kent/Source/School/RealTimeProject/Ada_Drivers_Library/boards/NRF52_DK/src/nrf52_dk-ios.adb:nrf52_dk__ios__deallocate_pwm" targetname: "/home/kent/Source/School/RealTimeProject/Ada_Drivers_Library/boards/NRF52_DK/src/nrf52_dk-ios.adb:nrf52_dk__ios__has_pwm" label: "/home/kent/Source/School/RealTimeProject/Ada_Drivers_Library/boards/NRF52_DK/src/nrf52_dk-ios.adb:131:19" }
edge: { sourcename: "/home/kent/Source/School/RealTimeProject/Ada_Drivers_Library/boards/NRF52_DK/src/nrf52_dk-ios.adb:nrf52_dk__ios__deallocate_pwm" targetname: "system__assertions__raise_assert_failure" label: "/home/kent/Source/School/RealTimeProject/Ada_Drivers_Library/boards/NRF52_DK/src/nrf52_dk-ios.adb:131:19" }
node: { title: "nrf__gpio__tasks_and_events__disable" label: "Disable\n/home/kent/Source/School/RealTimeProject/Ada_Drivers_Library/arch/ARM/Nordic/drivers/nrf_common/nrf-gpio-tasks_and_events.ads:36:14" shape : ellipse }
edge: { sourcename: "/home/kent/Source/School/RealTimeProject/Ada_Drivers_Library/boards/NRF52_DK/src/nrf52_dk-ios.adb:nrf52_dk__ios__deallocate_pwm" targetname: "nrf__gpio__tasks_and_events__disable" label: "/home/kent/Source/School/RealTimeProject/Ada_Drivers_Library/boards/NRF52_DK/src/nrf52_dk-ios.adb:188:35" }
edge: { sourcename: "/home/kent/Source/School/RealTimeProject/Ada_Drivers_Library/boards/NRF52_DK/src/nrf52_dk-ios.adb:nrf52_dk__ios__deallocate_pwm" targetname: "__gnat_last_chance_handler" label: "/home/kent/Source/School/RealTimeProject/Ada_Drivers_Library/boards/NRF52_DK/src/nrf52_dk-ios.adb:189:10" }
edge: { sourcename: "/home/kent/Source/School/RealTimeProject/Ada_Drivers_Library/boards/NRF52_DK/src/nrf52_dk-ios.adb:nrf52_dk__ios__deallocate_pwm" targetname: "__gnat_last_chance_handler" label: "/home/kent/Source/School/RealTimeProject/Ada_Drivers_Library/boards/NRF52_DK/src/nrf52_dk-ios.adb:190:21" }
edge: { sourcename: "/home/kent/Source/School/RealTimeProject/Ada_Drivers_Library/boards/NRF52_DK/src/nrf52_dk-ios.adb:nrf52_dk__ios__deallocate_pwm" targetname: "/home/kent/Source/School/RealTimeProject/Ada_Drivers_Library/boards/NRF52_DK/src/nrf52_dk-ios.adb:nrf52_dk__ios__deallocate_pwm___postconditions.6176" label: "/home/kent/Source/School/RealTimeProject/Ada_Drivers_Library/boards/NRF52_DK/src/nrf52_dk-ios.adb:192:8" }
node: { title: "/home/kent/Source/School/RealTimeProject/Ada_Drivers_Library/boards/NRF52_DK/src/nrf52_dk-ios.adb:nrf52_dk__ios__configure_ppi" label: "CONFIGURE_PPI\n/home/kent/Source/School/RealTimeProject/Ada_Drivers_Library/boards/NRF52_DK/src/nrf52_dk-ios.adb:198:4\n32 bytes (static)" }
edge: { sourcename: "/home/kent/Source/School/RealTimeProject/Ada_Drivers_Library/boards/NRF52_DK/src/nrf52_dk-ios.adb:nrf52_dk__ios__configure_ppi" targetname: "__gnat_last_chance_handler" label: "/home/kent/Source/School/RealTimeProject/Ada_Drivers_Library/boards/NRF52_DK/src/nrf52_dk-ios.adb:200:44" }
node: { title: "nrf__timers__compare_event" label: "Compare_Event\n/home/kent/Source/School/RealTimeProject/Ada_Drivers_Library/arch/ARM/Nordic/drivers/nrf_common/nrf-timers.ads:149:13" shape : ellipse }
edge: { sourcename: "/home/kent/Source/School/RealTimeProject/Ada_Drivers_Library/boards/NRF52_DK/src/nrf52_dk-ios.adb:nrf52_dk__ios__configure_ppi" targetname: "nrf__timers__compare_event" label: "/home/kent/Source/School/RealTimeProject/Ada_Drivers_Library/boards/NRF52_DK/src/nrf52_dk-ios.adb:207:30" }
node: { title: "nrf__gpio__tasks_and_events__out_task" label: "Out_Task\n/home/kent/Source/School/RealTimeProject/Ada_Drivers_Library/arch/ARM/Nordic/drivers/nrf_common/nrf-gpio-tasks_and_events.ads:55:13" shape : ellipse }
edge: { sourcename: "/home/kent/Source/School/RealTimeProject/Ada_Drivers_Library/boards/NRF52_DK/src/nrf52_dk-ios.adb:nrf52_dk__ios__configure_ppi" targetname: "nrf__gpio__tasks_and_events__out_task" label: "/home/kent/Source/School/RealTimeProject/Ada_Drivers_Library/boards/NRF52_DK/src/nrf52_dk-ios.adb:208:21" }
node: { title: "nrf__ppi__configure" label: "Configure\n/home/kent/Source/School/RealTimeProject/Ada_Drivers_Library/arch/ARM/Nordic/drivers/nrf52/nrf-ppi.ads:37:14" shape : ellipse }
edge: { sourcename: "/home/kent/Source/School/RealTimeProject/Ada_Drivers_Library/boards/NRF52_DK/src/nrf52_dk-ios.adb:nrf52_dk__ios__configure_ppi" targetname: "nrf__ppi__configure" label: "/home/kent/Source/School/RealTimeProject/Ada_Drivers_Library/boards/NRF52_DK/src/nrf52_dk-ios.adb:205:14" }
edge: { sourcename: "/home/kent/Source/School/RealTimeProject/Ada_Drivers_Library/boards/NRF52_DK/src/nrf52_dk-ios.adb:nrf52_dk__ios__configure_ppi" targetname: "nrf__timers__compare_event" label: "/home/kent/Source/School/RealTimeProject/Ada_Drivers_Library/boards/NRF52_DK/src/nrf52_dk-ios.adb:213:30" }
edge: { sourcename: "/home/kent/Source/School/RealTimeProject/Ada_Drivers_Library/boards/NRF52_DK/src/nrf52_dk-ios.adb:nrf52_dk__ios__configure_ppi" targetname: "nrf__gpio__tasks_and_events__out_task" label: "/home/kent/Source/School/RealTimeProject/Ada_Drivers_Library/boards/NRF52_DK/src/nrf52_dk-ios.adb:214:21" }
edge: { sourcename: "/home/kent/Source/School/RealTimeProject/Ada_Drivers_Library/boards/NRF52_DK/src/nrf52_dk-ios.adb:nrf52_dk__ios__configure_ppi" targetname: "nrf__ppi__configure" label: "/home/kent/Source/School/RealTimeProject/Ada_Drivers_Library/boards/NRF52_DK/src/nrf52_dk-ios.adb:211:14" }
node: { title: "nrf__ppi__enable_channel" label: "Enable_Channel\n/home/kent/Source/School/RealTimeProject/Ada_Drivers_Library/arch/ARM/Nordic/drivers/nrf52/nrf-ppi.ads:41:14" shape : ellipse }
edge: { sourcename: "/home/kent/Source/School/RealTimeProject/Ada_Drivers_Library/boards/NRF52_DK/src/nrf52_dk-ios.adb:nrf52_dk__ios__configure_ppi" targetname: "nrf__ppi__enable_channel" label: "/home/kent/Source/School/RealTimeProject/Ada_Drivers_Library/boards/NRF52_DK/src/nrf52_dk-ios.adb:216:14" }
edge: { sourcename: "/home/kent/Source/School/RealTimeProject/Ada_Drivers_Library/boards/NRF52_DK/src/nrf52_dk-ios.adb:nrf52_dk__ios__configure_ppi" targetname: "nrf__ppi__enable_channel" label: "/home/kent/Source/School/RealTimeProject/Ada_Drivers_Library/boards/NRF52_DK/src/nrf52_dk-ios.adb:217:14" }
node: { title: "/home/kent/Source/School/RealTimeProject/Ada_Drivers_Library/boards/NRF52_DK/src/nrf52_dk-ios.adb:nrf52_dk__ios__configure_gpiote" label: "CONFIGURE_GPIOTE\n/home/kent/Source/School/RealTimeProject/Ada_Drivers_Library/boards/NRF52_DK/src/nrf52_dk-ios.adb:224:4\n16 bytes (static)" }
node: { title: "nrf__gpio__tasks_and_events__enable_task" label: "Enable_Task\n/home/kent/Source/School/RealTimeProject/Ada_Drivers_Library/arch/ARM/Nordic/drivers/nrf_common/nrf-gpio-tasks_and_events.ads:48:14" shape : ellipse }
edge: { sourcename: "/home/kent/Source/School/RealTimeProject/Ada_Drivers_Library/boards/NRF52_DK/src/nrf52_dk-ios.adb:nrf52_dk__ios__configure_gpiote" targetname: "nrf__gpio__tasks_and_events__enable_task" label: "/home/kent/Source/School/RealTimeProject/Ada_Drivers_Library/boards/NRF52_DK/src/nrf52_dk-ios.adb:227:32" }
node: { title: "/home/kent/Source/School/RealTimeProject/Ada_Drivers_Library/boards/NRF52_DK/src/nrf52_dk-ios.adb:nrf52_dk__ios__pwm_timer_handler" label: "PWM_TIMER_HANDLER\n/home/kent/Source/School/RealTimeProject/Ada_Drivers_Library/boards/NRF52_DK/src/nrf52_dk-ios.adb:238:4\n8 bytes (static)" }
edge: { sourcename: "/home/kent/Source/School/RealTimeProject/Ada_Drivers_Library/boards/NRF52_DK/src/nrf52_dk-ios.adb:nrf52_dk__ios__pwm_timer_handler" targetname: "nrf__timers__compare_event" label: "/home/kent/Source/School/RealTimeProject/Ada_Drivers_Library/boards/NRF52_DK/src/nrf52_dk-ios.adb:240:23" }
node: { title: "nrf__events__clear" label: "Clear\n/home/kent/Source/School/RealTimeProject/Ada_Drivers_Library/arch/ARM/Nordic/drivers/nrf52/nrf-events.ads:60:14" shape : ellipse }
edge: { sourcename: "/home/kent/Source/School/RealTimeProject/Ada_Drivers_Library/boards/NRF52_DK/src/nrf52_dk-ios.adb:nrf52_dk__ios__pwm_timer_handler" targetname: "nrf__events__clear" label: "/home/kent/Source/School/RealTimeProject/Ada_Drivers_Library/boards/NRF52_DK/src/nrf52_dk-ios.adb:240:7" }
node: { title: "nrf__timers__set_compare" label: "Set_Compare\n/home/kent/Source/School/RealTimeProject/Ada_Drivers_Library/arch/ARM/Nordic/drivers/nrf_common/nrf-timers.ads:114:14" shape : ellipse }
edge: { sourcename: "/home/kent/Source/School/RealTimeProject/Ada_Drivers_Library/boards/NRF52_DK/src/nrf52_dk-ios.adb:nrf52_dk__ios__pwm_timer_handler" targetname: "nrf__timers__set_compare" label: "/home/kent/Source/School/RealTimeProject/Ada_Drivers_Library/boards/NRF52_DK/src/nrf52_dk-ios.adb:242:16" }
edge: { sourcename: "/home/kent/Source/School/RealTimeProject/Ada_Drivers_Library/boards/NRF52_DK/src/nrf52_dk-ios.adb:nrf52_dk__ios__pwm_timer_handler" targetname: "nrf__timers__set_compare" label: "/home/kent/Source/School/RealTimeProject/Ada_Drivers_Library/boards/NRF52_DK/src/nrf52_dk-ios.adb:244:16" }
edge: { sourcename: "/home/kent/Source/School/RealTimeProject/Ada_Drivers_Library/boards/NRF52_DK/src/nrf52_dk-ios.adb:nrf52_dk__ios__pwm_timer_handler" targetname: "nrf__timers__set_compare" label: "/home/kent/Source/School/RealTimeProject/Ada_Drivers_Library/boards/NRF52_DK/src/nrf52_dk-ios.adb:245:16" }
edge: { sourcename: "/home/kent/Source/School/RealTimeProject/Ada_Drivers_Library/boards/NRF52_DK/src/nrf52_dk-ios.adb:nrf52_dk__ios__pwm_timer_handler" targetname: "nrf__timers__set_compare" label: "/home/kent/Source/School/RealTimeProject/Ada_Drivers_Library/boards/NRF52_DK/src/nrf52_dk-ios.adb:246:16" }
node: { title: "nrf__timers__start" label: "Start\n/home/kent/Source/School/RealTimeProject/Ada_Drivers_Library/arch/ARM/Nordic/drivers/nrf_common/nrf-timers.ads:88:14" shape : ellipse }
edge: { sourcename: "/home/kent/Source/School/RealTimeProject/Ada_Drivers_Library/boards/NRF52_DK/src/nrf52_dk-ios.adb:nrf52_dk__ios__pwm_timer_handler" targetname: "nrf__timers__start" label: "/home/kent/Source/School/RealTimeProject/Ada_Drivers_Library/boards/NRF52_DK/src/nrf52_dk-ios.adb:248:16" }
node: { title: "/home/kent/Source/School/RealTimeProject/Ada_Drivers_Library/boards/NRF52_DK/src/nrf52_dk-ios.adb:nrf52_dk__ios__init_pwm_timer" label: "INIT_PWM_TIMER\n/home/kent/Source/School/RealTimeProject/Ada_Drivers_Library/boards/NRF52_DK/src/nrf52_dk-ios.adb:255:4\n16 bytes (static)" }
node: { title: "nrf__timers__set_mode" label: "Set_Mode\n/home/kent/Source/School/RealTimeProject/Ada_Drivers_Library/arch/ARM/Nordic/drivers/nrf_common/nrf-timers.ads:56:14" shape : ellipse }
edge: { sourcename: "/home/kent/Source/School/RealTimeProject/Ada_Drivers_Library/boards/NRF52_DK/src/nrf52_dk-ios.adb:nrf52_dk__ios__init_pwm_timer" targetname: "nrf__timers__set_mode" label: "/home/kent/Source/School/RealTimeProject/Ada_Drivers_Library/boards/NRF52_DK/src/nrf52_dk-ios.adb:257:16" }
node: { title: "nrf__timers__set_prescaler" label: "Set_Prescaler\n/home/kent/Source/School/RealTimeProject/Ada_Drivers_Library/arch/ARM/Nordic/drivers/nrf_common/nrf-timers.ads:46:14" shape : ellipse }
edge: { sourcename: "/home/kent/Source/School/RealTimeProject/Ada_Drivers_Library/boards/NRF52_DK/src/nrf52_dk-ios.adb:nrf52_dk__ios__init_pwm_timer" targetname: "nrf__timers__set_prescaler" label: "/home/kent/Source/School/RealTimeProject/Ada_Drivers_Library/boards/NRF52_DK/src/nrf52_dk-ios.adb:258:16" }
node: { title: "nrf__timers__set_bitmode" label: "Set_Bitmode\n/home/kent/Source/School/RealTimeProject/Ada_Drivers_Library/arch/ARM/Nordic/drivers/nrf_common/nrf-timers.ads:70:14" shape : ellipse }
edge: { sourcename: "/home/kent/Source/School/RealTimeProject/Ada_Drivers_Library/boards/NRF52_DK/src/nrf52_dk-ios.adb:nrf52_dk__ios__init_pwm_timer" targetname: "nrf__timers__set_bitmode" label: "/home/kent/Source/School/RealTimeProject/Ada_Drivers_Library/boards/NRF52_DK/src/nrf52_dk-ios.adb:259:16" }
node: { title: "nrf__timers__compare_shortcut" label: "Compare_Shortcut\n/home/kent/Source/School/RealTimeProject/Ada_Drivers_Library/arch/ARM/Nordic/drivers/nrf_common/nrf-timers.ads:101:14" shape : ellipse }
edge: { sourcename: "/home/kent/Source/School/RealTimeProject/Ada_Drivers_Library/boards/NRF52_DK/src/nrf52_dk-ios.adb:nrf52_dk__ios__init_pwm_timer" targetname: "nrf__timers__compare_shortcut" label: "/home/kent/Source/School/RealTimeProject/Ada_Drivers_Library/boards/NRF52_DK/src/nrf52_dk-ios.adb:263:16" }
edge: { sourcename: "/home/kent/Source/School/RealTimeProject/Ada_Drivers_Library/boards/NRF52_DK/src/nrf52_dk-ios.adb:nrf52_dk__ios__init_pwm_timer" targetname: "nrf__timers__set_compare" label: "/home/kent/Source/School/RealTimeProject/Ada_Drivers_Library/boards/NRF52_DK/src/nrf52_dk-ios.adb:267:16" }
edge: { sourcename: "/home/kent/Source/School/RealTimeProject/Ada_Drivers_Library/boards/NRF52_DK/src/nrf52_dk-ios.adb:nrf52_dk__ios__init_pwm_timer" targetname: "/home/kent/Source/School/RealTimeProject/Ada_Drivers_Library/boards/NRF52_DK/src/nrf52_dk-ios.adb:nrf52_dk__ios__to_compare_value" label: "/home/kent/Source/School/RealTimeProject/Ada_Drivers_Library/boards/NRF52_DK/src/nrf52_dk-ios.adb:270:33" }
edge: { sourcename: "/home/kent/Source/School/RealTimeProject/Ada_Drivers_Library/boards/NRF52_DK/src/nrf52_dk-ios.adb:nrf52_dk__ios__init_pwm_timer" targetname: "nrf__timers__set_compare" label: "/home/kent/Source/School/RealTimeProject/Ada_Drivers_Library/boards/NRF52_DK/src/nrf52_dk-ios.adb:269:46" }
edge: { sourcename: "/home/kent/Source/School/RealTimeProject/Ada_Drivers_Library/boards/NRF52_DK/src/nrf52_dk-ios.adb:nrf52_dk__ios__init_pwm_timer" targetname: "/home/kent/Source/School/RealTimeProject/Ada_Drivers_Library/boards/NRF52_DK/src/nrf52_dk-ios.adb:nrf52_dk__ios__configure_gpiote" label: "/home/kent/Source/School/RealTimeProject/Ada_Drivers_Library/boards/NRF52_DK/src/nrf52_dk-ios.adb:272:13" }
edge: { sourcename: "/home/kent/Source/School/RealTimeProject/Ada_Drivers_Library/boards/NRF52_DK/src/nrf52_dk-ios.adb:nrf52_dk__ios__init_pwm_timer" targetname: "nrf__timers__compare_event" label: "/home/kent/Source/School/RealTimeProject/Ada_Drivers_Library/boards/NRF52_DK/src/nrf52_dk-ios.adb:277:34" }
node: { title: "nrf__events__enable_interrupt" label: "Enable_Interrupt\n/home/kent/Source/School/RealTimeProject/Ada_Drivers_Library/arch/ARM/Nordic/drivers/nrf52/nrf-events.ads:56:14" shape : ellipse }
edge: { sourcename: "/home/kent/Source/School/RealTimeProject/Ada_Drivers_Library/boards/NRF52_DK/src/nrf52_dk-ios.adb:nrf52_dk__ios__init_pwm_timer" targetname: "nrf__events__enable_interrupt" label: "/home/kent/Source/School/RealTimeProject/Ada_Drivers_Library/boards/NRF52_DK/src/nrf52_dk-ios.adb:277:7" }
node: { title: "nrf__interrupts__register" label: "Register\n/home/kent/Source/School/RealTimeProject/Ada_Drivers_Library/arch/ARM/Nordic/drivers/nrf52/nrf-interrupts.ads:79:14" shape : ellipse }
edge: { sourcename: "/home/kent/Source/School/RealTimeProject/Ada_Drivers_Library/boards/NRF52_DK/src/nrf52_dk-ios.adb:nrf52_dk__ios__init_pwm_timer" targetname: "nrf__interrupts__register" label: "/home/kent/Source/School/RealTimeProject/Ada_Drivers_Library/boards/NRF52_DK/src/nrf52_dk-ios.adb:279:21" }
node: { title: "nrf__interrupts__enable" label: "Enable\n/home/kent/Source/School/RealTimeProject/Ada_Drivers_Library/arch/ARM/Nordic/drivers/nrf52/nrf-interrupts.ads:73:14" shape : ellipse }
edge: { sourcename: "/home/kent/Source/School/RealTimeProject/Ada_Drivers_Library/boards/NRF52_DK/src/nrf52_dk-ios.adb:nrf52_dk__ios__init_pwm_timer" targetname: "nrf__interrupts__enable" label: "/home/kent/Source/School/RealTimeProject/Ada_Drivers_Library/boards/NRF52_DK/src/nrf52_dk-ios.adb:282:21" }
node: { title: "nrf52_dk__ios__set" label: "SET\n/home/kent/Source/School/RealTimeProject/Ada_Drivers_Library/boards/NRF52_DK/src/nrf52_dk-ios.adb:289:4\n40 bytes (static)" }
edge: { sourcename: "nrf52_dk__ios__set" targetname: "nrf52_dk__ios__supports" label: "/home/kent/Source/School/RealTimeProject/Ada_Drivers_Library/boards/NRF52_DK/src/nrf52_dk-ios.ads:51:18" }
edge: { sourcename: "nrf52_dk__ios__set" targetname: "system__assertions__raise_assert_failure" label: "/home/kent/Source/School/RealTimeProject/Ada_Drivers_Library/boards/NRF52_DK/src/nrf52_dk-ios.ads:51:18" }
node: { title: "nrf__gpio__gpio_configurationIP" label: "Gpio_Configurationip\n/home/kent/Source/School/RealTimeProject/Ada_Drivers_Library/arch/ARM/Nordic/drivers/nrf_common/nrf-gpio.ads:58:9" shape : ellipse }
edge: { sourcename: "nrf52_dk__ios__set" targetname: "nrf__gpio__gpio_configurationIP" label: "/home/kent/Source/School/RealTimeProject/Ada_Drivers_Library/boards/NRF52_DK/src/nrf52_dk-ios.adb:294:7" }
edge: { sourcename: "nrf52_dk__ios__set" targetname: "/home/kent/Source/School/RealTimeProject/Ada_Drivers_Library/boards/NRF52_DK/src/nrf52_dk-ios.adb:nrf52_dk__ios__has_pwm" label: "/home/kent/Source/School/RealTimeProject/Ada_Drivers_Library/boards/NRF52_DK/src/nrf52_dk-ios.adb:297:13" }
edge: { sourcename: "nrf52_dk__ios__set" targetname: "/home/kent/Source/School/RealTimeProject/Ada_Drivers_Library/boards/NRF52_DK/src/nrf52_dk-ios.adb:nrf52_dk__ios__deallocate_pwm" label: "/home/kent/Source/School/RealTimeProject/Ada_Drivers_Library/boards/NRF52_DK/src/nrf52_dk-ios.adb:298:13" }
node: { title: "nrf__gpio__configure_io" label: "Configure_Io\n/home/kent/Source/School/RealTimeProject/Ada_Drivers_Library/arch/ARM/Nordic/drivers/nrf_common/nrf-gpio.ads:117:14" shape : ellipse }
edge: { sourcename: "nrf52_dk__ios__set" targetname: "nrf__gpio__configure_io" label: "/home/kent/Source/School/RealTimeProject/Ada_Drivers_Library/boards/NRF52_DK/src/nrf52_dk-ios.adb:306:12" }
edge: { sourcename: "nrf52_dk__ios__set" targetname: "__gnat_last_chance_handler" label: "/home/kent/Source/School/RealTimeProject/Ada_Drivers_Library/boards/NRF52_DK/src/nrf52_dk-ios.adb:307:24" }
node: { title: "nrf__gpio__set__2" label: "Set\n/home/kent/Source/School/RealTimeProject/Ada_Drivers_Library/arch/ARM/Nordic/drivers/nrf_common/nrf-gpio.ads:100:14" shape : ellipse }
edge: { sourcename: "nrf52_dk__ios__set" targetname: "nrf__gpio__set__2" label: "/home/kent/Source/School/RealTimeProject/Ada_Drivers_Library/boards/NRF52_DK/src/nrf52_dk-ios.adb:311:12" }
node: { title: "nrf__gpio__clear" label: "Clear\n/home/kent/Source/School/RealTimeProject/Ada_Drivers_Library/arch/ARM/Nordic/drivers/nrf_common/nrf-gpio.ads:106:14" shape : ellipse }
edge: { sourcename: "nrf52_dk__ios__set" targetname: "nrf__gpio__clear" label: "/home/kent/Source/School/RealTimeProject/Ada_Drivers_Library/boards/NRF52_DK/src/nrf52_dk-ios.adb:313:12" }
node: { title: "nrf52_dk__ios__set__2" label: "SET\n/home/kent/Source/School/RealTimeProject/Ada_Drivers_Library/boards/NRF52_DK/src/nrf52_dk-ios.adb:321:4\n40 bytes (static)" }
edge: { sourcename: "nrf52_dk__ios__set__2" targetname: "nrf52_dk__ios__supports" label: "/home/kent/Source/School/RealTimeProject/Ada_Drivers_Library/boards/NRF52_DK/src/nrf52_dk-ios.ads:54:18" }
edge: { sourcename: "nrf52_dk__ios__set__2" targetname: "system__assertions__raise_assert_failure" label: "/home/kent/Source/School/RealTimeProject/Ada_Drivers_Library/boards/NRF52_DK/src/nrf52_dk-ios.ads:54:18" }
edge: { sourcename: "nrf52_dk__ios__set__2" targetname: "nrf__gpio__gpio_configurationIP" label: "/home/kent/Source/School/RealTimeProject/Ada_Drivers_Library/boards/NRF52_DK/src/nrf52_dk-ios.adb:326:7" }
edge: { sourcename: "nrf52_dk__ios__set__2" targetname: "/home/kent/Source/School/RealTimeProject/Ada_Drivers_Library/boards/NRF52_DK/src/nrf52_dk-ios.adb:nrf52_dk__ios__has_pwm" label: "/home/kent/Source/School/RealTimeProject/Ada_Drivers_Library/boards/NRF52_DK/src/nrf52_dk-ios.adb:329:13" }
edge: { sourcename: "nrf52_dk__ios__set__2" targetname: "/home/kent/Source/School/RealTimeProject/Ada_Drivers_Library/boards/NRF52_DK/src/nrf52_dk-ios.adb:nrf52_dk__ios__deallocate_pwm" label: "/home/kent/Source/School/RealTimeProject/Ada_Drivers_Library/boards/NRF52_DK/src/nrf52_dk-ios.adb:330:13" }
edge: { sourcename: "nrf52_dk__ios__set__2" targetname: "nrf__gpio__configure_io" label: "/home/kent/Source/School/RealTimeProject/Ada_Drivers_Library/boards/NRF52_DK/src/nrf52_dk-ios.adb:338:12" }
edge: { sourcename: "nrf52_dk__ios__set__2" targetname: "__gnat_last_chance_handler" label: "/home/kent/Source/School/RealTimeProject/Ada_Drivers_Library/boards/NRF52_DK/src/nrf52_dk-ios.adb:340:24" }
node: { title: "nrf__gpio__set" label: "Set\n/home/kent/Source/School/RealTimeProject/Ada_Drivers_Library/arch/ARM/Nordic/drivers/nrf_common/nrf-gpio.ads:94:13" shape : ellipse }
edge: { sourcename: "nrf52_dk__ios__set__2" targetname: "nrf__gpio__set" label: "/home/kent/Source/School/RealTimeProject/Ada_Drivers_Library/boards/NRF52_DK/src/nrf52_dk-ios.adb:343:16" }
node: { title: "nrf52_dk__ios__set_analog_period_us" label: "SET_ANALOG_PERIOD_US\n/home/kent/Source/School/RealTimeProject/Ada_Drivers_Library/boards/NRF52_DK/src/nrf52_dk-ios.adb:350:4\n32 bytes (static)" }
edge: { sourcename: "nrf52_dk__ios__set_analog_period_us" targetname: "/home/kent/Source/School/RealTimeProject/Ada_Drivers_Library/boards/NRF52_DK/src/nrf52_dk-ios.adb:nrf52_dk__ios__to_compare_value" label: "/home/kent/Source/School/RealTimeProject/Ada_Drivers_Library/boards/NRF52_DK/src/nrf52_dk-ios.adb:356:21" }
node: { title: "nrf52_dk__ios__write" label: "WRITE\n/home/kent/Source/School/RealTimeProject/Ada_Drivers_Library/boards/NRF52_DK/src/nrf52_dk-ios.adb:364:4\n112 bytes (dynamic)" }
edge: { sourcename: "nrf52_dk__ios__write" targetname: "nrf52_dk__ios__supports" label: "/home/kent/Source/School/RealTimeProject/Ada_Drivers_Library/boards/NRF52_DK/src/nrf52_dk-ios.ads:63:18" }
edge: { sourcename: "nrf52_dk__ios__write" targetname: "system__assertions__raise_assert_failure" label: "/home/kent/Source/School/RealTimeProject/Ada_Drivers_Library/boards/NRF52_DK/src/nrf52_dk-ios.ads:63:18" }
edge: { sourcename: "nrf52_dk__ios__write" targetname: "nrf__gpio__gpio_configurationIP" label: "/home/kent/Source/School/RealTimeProject/Ada_Drivers_Library/boards/NRF52_DK/src/nrf52_dk-ios.adb:371:7" }
edge: { sourcename: "nrf52_dk__ios__write" targetname: "/home/kent/Source/School/RealTimeProject/Ada_Drivers_Library/boards/NRF52_DK/src/nrf52_dk-ios.adb:nrf52_dk__ios__has_pwm" label: "/home/kent/Source/School/RealTimeProject/Ada_Drivers_Library/boards/NRF52_DK/src/nrf52_dk-ios.adb:374:14" }
node: { title: "nrf__timers__stop" label: "Stop\n/home/kent/Source/School/RealTimeProject/Ada_Drivers_Library/arch/ARM/Nordic/drivers/nrf_common/nrf-timers.ads:91:14" shape : ellipse }
edge: { sourcename: "nrf52_dk__ios__write" targetname: "nrf__timers__stop" label: "/home/kent/Source/School/RealTimeProject/Ada_Drivers_Library/boards/NRF52_DK/src/nrf52_dk-ios.adb:378:19" }
node: { title: "nrf__timers__clear" label: "Clear\n/home/kent/Source/School/RealTimeProject/Ada_Drivers_Library/arch/ARM/Nordic/drivers/nrf_common/nrf-timers.ads:94:14" shape : ellipse }
edge: { sourcename: "nrf52_dk__ios__write" targetname: "nrf__timers__clear" label: "/home/kent/Source/School/RealTimeProject/Ada_Drivers_Library/boards/NRF52_DK/src/nrf52_dk-ios.adb:379:19" }
edge: { sourcename: "nrf52_dk__ios__write" targetname: "/home/kent/Source/School/RealTimeProject/Ada_Drivers_Library/boards/NRF52_DK/src/nrf52_dk-ios.adb:nrf52_dk__ios__allocate_pwm" label: "/home/kent/Source/School/RealTimeProject/Ada_Drivers_Library/boards/NRF52_DK/src/nrf52_dk-ios.adb:381:10" }
node: { title: "__gnat_last_chance_handler" label: "Last_Chance_Handler\n/home/kent/opt/GNAT/2020-arm-elf/arm-eabi/lib/gnat/zfp-cortex-m4f/gnat/a-except.adb:43:17" shape : ellipse }
edge: { sourcename: "nrf52_dk__ios__write" targetname: "__gnat_last_chance_handler" label: "/home/kent/Source/School/RealTimeProject/Ada_Drivers_Library/boards/NRF52_DK/src/nrf52_dk-ios.adb:383:13" }
edge: { sourcename: "nrf52_dk__ios__write" targetname: "__gnat_last_chance_handler" label: "/home/kent/Source/School/RealTimeProject/Ada_Drivers_Library/boards/NRF52_DK/src/nrf52_dk-ios.adb:383:13" }
edge: { sourcename: "nrf52_dk__ios__write" targetname: "__gnat_last_chance_handler" label: "/home/kent/Source/School/RealTimeProject/Ada_Drivers_Library/boards/NRF52_DK/src/nrf52_dk-ios.adb:383:13" }
edge: { sourcename: "nrf52_dk__ios__write" targetname: "__gnat_last_chance_handler" label: "/home/kent/Source/School/RealTimeProject/Ada_Drivers_Library/boards/NRF52_DK/src/nrf52_dk-ios.adb:383:13" }
edge: { sourcename: "nrf52_dk__ios__write" targetname: "__gnat_last_chance_handler" label: "/home/kent/Source/School/RealTimeProject/Ada_Drivers_Library/boards/NRF52_DK/src/nrf52_dk-ios.adb:383:13" }
edge: { sourcename: "nrf52_dk__ios__write" targetname: "__gnat_last_chance_handler" label: "/home/kent/Source/School/RealTimeProject/Ada_Drivers_Library/boards/NRF52_DK/src/nrf52_dk-ios.adb:383:13" }
node: { title: "memcpy" label: "builtin_memcpy\n<built-in>" shape : ellipse }
edge: { sourcename: "nrf52_dk__ios__write" targetname: "memcpy" }
edge: { sourcename: "nrf52_dk__ios__write" targetname: "__gnat_last_chance_handler" label: "/home/kent/Source/School/RealTimeProject/Ada_Drivers_Library/boards/NRF52_DK/src/nrf52_dk-ios.adb:383:13" }
edge: { sourcename: "nrf52_dk__ios__write" targetname: "__gnat_last_chance_handler" label: "/home/kent/Source/School/RealTimeProject/Ada_Drivers_Library/boards/NRF52_DK/src/nrf52_dk-ios.adb:383:13" }
edge: { sourcename: "nrf52_dk__ios__write" targetname: "nrf__gpio__configure_io" label: "/home/kent/Source/School/RealTimeProject/Ada_Drivers_Library/boards/NRF52_DK/src/nrf52_dk-ios.adb:392:12" }
edge: { sourcename: "nrf52_dk__ios__write" targetname: "nrf__gpio__clear" label: "/home/kent/Source/School/RealTimeProject/Ada_Drivers_Library/boards/NRF52_DK/src/nrf52_dk-ios.adb:393:12" }
edge: { sourcename: "nrf52_dk__ios__write" targetname: "__gnat_last_chance_handler" label: "/home/kent/Source/School/RealTimeProject/Ada_Drivers_Library/boards/NRF52_DK/src/nrf52_dk-ios.adb:395:24" }
edge: { sourcename: "nrf52_dk__ios__write" targetname: "/home/kent/Source/School/RealTimeProject/Ada_Drivers_Library/boards/NRF52_DK/src/nrf52_dk-ios.adb:nrf52_dk__ios__init_pwm_timer" label: "/home/kent/Source/School/RealTimeProject/Ada_Drivers_Library/boards/NRF52_DK/src/nrf52_dk-ios.adb:397:10" }
edge: { sourcename: "nrf52_dk__ios__write" targetname: "nrf__timers__start" label: "/home/kent/Source/School/RealTimeProject/Ada_Drivers_Library/boards/NRF52_DK/src/nrf52_dk-ios.adb:399:19" }
edge: { sourcename: "nrf52_dk__ios__write" targetname: "__gnat_last_chance_handler" label: "/home/kent/Source/School/RealTimeProject/Ada_Drivers_Library/boards/NRF52_DK/src/nrf52_dk-ios.adb:402:7" }
edge: { sourcename: "nrf52_dk__ios__write" targetname: "__gnat_last_chance_handler" label: "/home/kent/Source/School/RealTimeProject/Ada_Drivers_Library/boards/NRF52_DK/src/nrf52_dk-ios.adb:403:7" }
edge: { sourcename: "nrf52_dk__ios__write" targetname: "/home/kent/Source/School/RealTimeProject/Ada_Drivers_Library/boards/NRF52_DK/src/nrf52_dk-ios.adb:nrf52_dk__ios__to_compare_value" label: "/home/kent/Source/School/RealTimeProject/Ada_Drivers_Library/boards/NRF52_DK/src/nrf52_dk-ios.adb:403:37" }
node: { title: "nrf52_dk__ios__analog__2" label: "ANALOG\n/home/kent/Source/School/RealTimeProject/Ada_Drivers_Library/boards/NRF52_DK/src/nrf52_dk-ios.adb:410:4\n32 bytes (static)" }
edge: { sourcename: "nrf52_dk__ios__analog__2" targetname: "nrf52_dk__ios__supports" label: "/home/kent/Source/School/RealTimeProject/Ada_Drivers_Library/boards/NRF52_DK/src/nrf52_dk-ios.ads:66:18" }
edge: { sourcename: "nrf52_dk__ios__analog__2" targetname: "system__assertions__raise_assert_failure" label: "/home/kent/Source/School/RealTimeProject/Ada_Drivers_Library/boards/NRF52_DK/src/nrf52_dk-ios.ads:66:18" }
edge: { sourcename: "nrf52_dk__ios__analog__2" targetname: "/home/kent/Source/School/RealTimeProject/Ada_Drivers_Library/boards/NRF52_DK/src/nrf52_dk-ios.adb:nrf52_dk__ios__has_pwm" label: "/home/kent/Source/School/RealTimeProject/Ada_Drivers_Library/boards/NRF52_DK/src/nrf52_dk-ios.adb:417:13" }
edge: { sourcename: "nrf52_dk__ios__analog__2" targetname: "/home/kent/Source/School/RealTimeProject/Ada_Drivers_Library/boards/NRF52_DK/src/nrf52_dk-ios.adb:nrf52_dk__ios__deallocate_pwm" label: "/home/kent/Source/School/RealTimeProject/Ada_Drivers_Library/boards/NRF52_DK/src/nrf52_dk-ios.adb:418:13" }
edge: { sourcename: "nrf52_dk__ios__analog__2" targetname: "__gnat_last_chance_handler" label: "/home/kent/Source/School/RealTimeProject/Ada_Drivers_Library/boards/NRF52_DK/src/nrf52_dk-ios.adb:420:24" }
edge: { sourcename: "nrf52_dk__ios__analog__2" targetname: "__gnat_last_chance_handler" label: "/home/kent/Source/School/RealTimeProject/Ada_Drivers_Library/boards/NRF52_DK/src/nrf52_dk-ios.adb:423:51" }
node: { title: "nrf__adc__do_pin_conversion" label: "Do_Pin_Conversion\n/home/kent/Source/School/RealTimeProject/Ada_Drivers_Library/arch/ARM/Nordic/drivers/nrf52/nrf-adc.ads:49:13" shape : ellipse }
edge: { sourcename: "nrf52_dk__ios__analog__2" targetname: "nrf__adc__do_pin_conversion" label: "/home/kent/Source/School/RealTimeProject/Ada_Drivers_Library/boards/NRF52_DK/src/nrf52_dk-ios.adb:423:17" }
edge: { sourcename: "nrf52_dk__ios__analog__2" targetname: "__gnat_last_chance_handler" label: "/home/kent/Source/School/RealTimeProject/Ada_Drivers_Library/boards/NRF52_DK/src/nrf52_dk-ios.adb:434:28" }
node: { title: "/home/kent/Source/School/RealTimeProject/Ada_Drivers_Library/boards/NRF52_DK/src/nrf52_dk-ios.adb:nrf52_dk__ios__has_pwm" label: "HAS_PWM\n/home/kent/Source/School/RealTimeProject/Ada_Drivers_Library/boards/NRF52_DK/src/nrf52_dk-ios.adb:125:4\n16 bytes (static)" }
node: { title: "nrf52_dk__ios___elabb" label: "IOS\n/home/kent/Source/School/RealTimeProject/Ada_Drivers_Library/boards/NRF52_DK/src/nrf52_dk-ios.adb:41:1\n16 bytes (static)" }
node: { title: "memset" label: "builtin_memset\n<built-in>" shape : ellipse }
edge: { sourcename: "nrf52_dk__ios___elabb" targetname: "memset" label: "/home/kent/Source/School/RealTimeProject/Ada_Drivers_Library/boards/NRF52_DK/src/nrf52_dk-ios.adb:108:51" }
edge: { sourcename: "nrf52_dk__ios___elabb" targetname: "nrf52_dk__ios__TpwmsBIP" label: "/home/kent/Source/School/RealTimeProject/Ada_Drivers_Library/boards/NRF52_DK/src/nrf52_dk-ios.adb:123:4" }
node: { title: "nrf52_dk__ios___elabs" label: "IOS\n/home/kent/Source/School/RealTimeProject/Ada_Drivers_Library/boards/NRF52_DK/src/nrf52_dk-ios.ads:35:1\n4 bytes (static)" }
}
