graph: { title: "/home/kent/Source/School/RealTimeProject/Ada_Drivers_Library/arch/ARM/Nordic/svd/nrf52/nrf_svd-uart.ads"
node: { title: "nrf_svd__uart__enable_enable_fieldRP" label: "ENABLE_ENABLE_FIELDRP\n/home/kent/Source/School/RealTimeProject/Ada_Drivers_Library/arch/ARM/Nordic/svd/nrf52/nrf_svd-uart.ads:509:9\n16 bytes (static)" }
node: { title: "nrf_svd__uart__config_parity_fieldRP" label: "CONFIG_PARITY_FIELDRP\n/home/kent/Source/School/RealTimeProject/Ada_Drivers_Library/arch/ARM/Nordic/svd/nrf52/nrf_svd-uart.ads:581:9\n16 bytes (static)" }
node: { title: "nrf_svd__uart__shorts_registerIP" label: "SHORTS_REGISTERIP\n/home/kent/Source/School/RealTimeProject/Ada_Drivers_Library/arch/ARM/Nordic/svd/nrf52/nrf_svd-uart.ads:78:9\n16 bytes (static)" }
node: { title: "nrf_svd__uart__intenset_registerIP" label: "INTENSET_REGISTERIP\n/home/kent/Source/School/RealTimeProject/Ada_Drivers_Library/arch/ARM/Nordic/svd/nrf52/nrf_svd-uart.ads:231:9\n16 bytes (static)" }
node: { title: "nrf_svd__uart__intenclr_registerIP" label: "INTENCLR_REGISTERIP\n/home/kent/Source/School/RealTimeProject/Ada_Drivers_Library/arch/ARM/Nordic/svd/nrf52/nrf_svd-uart.ads:402:9\n16 bytes (static)" }
node: { title: "nrf_svd__uart__errorsrc_registerIP" label: "ERRORSRC_REGISTERIP\n/home/kent/Source/School/RealTimeProject/Ada_Drivers_Library/arch/ARM/Nordic/svd/nrf52/nrf_svd-uart.ads:485:9\n16 bytes (static)" }
node: { title: "nrf_svd__uart__enable_registerIP" label: "ENABLE_REGISTERIP\n/home/kent/Source/School/RealTimeProject/Ada_Drivers_Library/arch/ARM/Nordic/svd/nrf52/nrf_svd-uart.ads:520:9\n16 bytes (static)" }
node: { title: "nrf_svd__uart__rxd_registerIP" label: "RXD_REGISTERIP\n/home/kent/Source/School/RealTimeProject/Ada_Drivers_Library/arch/ARM/Nordic/svd/nrf52/nrf_svd-uart.ads:537:9\n16 bytes (static)" }
node: { title: "nrf_svd__uart__txd_registerIP" label: "TXD_REGISTERIP\n/home/kent/Source/School/RealTimeProject/Ada_Drivers_Library/arch/ARM/Nordic/svd/nrf52/nrf_svd-uart.ads:555:9\n16 bytes (static)" }
node: { title: "nrf_svd__uart__config_registerIP" label: "CONFIG_REGISTERIP\n/home/kent/Source/School/RealTimeProject/Ada_Drivers_Library/arch/ARM/Nordic/svd/nrf52/nrf_svd-uart.ads:592:9\n16 bytes (static)" }
node: { title: "nrf_svd__uart__uart_peripheralIP" label: "UART_PERIPHERALIP\n/home/kent/Source/School/RealTimeProject/Ada_Drivers_Library/arch/ARM/Nordic/svd/nrf52/nrf_svd-uart.ads:614:9\n16 bytes (static)" }
edge: { sourcename: "nrf_svd__uart__uart_peripheralIP" targetname: "nrf_svd__uart__shorts_registerIP" label: "/home/kent/Source/School/RealTimeProject/Ada_Drivers_Library/arch/ARM/Nordic/svd/nrf52/nrf_svd-uart.ads:638:7" }
edge: { sourcename: "nrf_svd__uart__uart_peripheralIP" targetname: "nrf_svd__uart__intenset_registerIP" label: "/home/kent/Source/School/RealTimeProject/Ada_Drivers_Library/arch/ARM/Nordic/svd/nrf52/nrf_svd-uart.ads:640:7" }
edge: { sourcename: "nrf_svd__uart__uart_peripheralIP" targetname: "nrf_svd__uart__intenclr_registerIP" label: "/home/kent/Source/School/RealTimeProject/Ada_Drivers_Library/arch/ARM/Nordic/svd/nrf52/nrf_svd-uart.ads:642:7" }
edge: { sourcename: "nrf_svd__uart__uart_peripheralIP" targetname: "nrf_svd__uart__errorsrc_registerIP" label: "/home/kent/Source/School/RealTimeProject/Ada_Drivers_Library/arch/ARM/Nordic/svd/nrf52/nrf_svd-uart.ads:644:7" }
edge: { sourcename: "nrf_svd__uart__uart_peripheralIP" targetname: "nrf_svd__uart__enable_registerIP" label: "/home/kent/Source/School/RealTimeProject/Ada_Drivers_Library/arch/ARM/Nordic/svd/nrf52/nrf_svd-uart.ads:646:7" }
edge: { sourcename: "nrf_svd__uart__uart_peripheralIP" targetname: "nrf_svd__uart__txd_registerIP" label: "/home/kent/Source/School/RealTimeProject/Ada_Drivers_Library/arch/ARM/Nordic/svd/nrf52/nrf_svd-uart.ads:658:7" }
edge: { sourcename: "nrf_svd__uart__uart_peripheralIP" targetname: "nrf_svd__uart__config_registerIP" label: "/home/kent/Source/School/RealTimeProject/Ada_Drivers_Library/arch/ARM/Nordic/svd/nrf52/nrf_svd-uart.ads:662:7" }
}
